<?xml version="1.0" encoding="UTF-8"?>
<testsuites name="jest tests" tests="2" failures="0" errors="0" time="0.242">
  <testsuite name="undefined" errors="0" failures="0" skipped="0" timestamp="2022-11-20T03:29:48" time="0.236" tests="2">
    <testcase classname=" Given valid args, and index of 0, returns correct value" name=" Given valid args, and index of 0, returns correct value" time="0.002">
    </testcase>
    <testcase classname=" Given valid args, and index of 1, returns correct value" name=" Given valid args, and index of 1, returns correct value" time="0.001">
    </testcase>
  </testsuite>
</testsuites>